../Core/Src/main.c:74:6:send_signal	16	static
../Core/Src/main.c:88:6:process_audio	64	static
../Core/Src/main.c:110:5:main	56	static
../Core/Src/main.c:178:6:SystemClock_Config	96	static
../Core/Src/main.c:229:13:MX_DFSDM1_Init	8	static
../Core/Src/main.c:282:13:MX_TIM3_Init	40	static
../Core/Src/main.c:325:13:MX_DMA_Init	16	static
../Core/Src/main.c:343:13:MX_GPIO_Init	40	static
../Core/Src/main.c:371:6:HAL_DFSDM_FilterRegConvHalfCpltCallback	16	static
../Core/Src/main.c:374:6:HAL_DFSDM_FilterRegConvCpltCallback	16	static
../Core/Src/main.c:378:6:HAL_TIM_PeriodElapsedCallback	16	static
../Core/Src/main.c:391:6:Error_Handler	4	static,ignoring_inline_asm
